Block {
    header: Header {
        version: 2,
        content_size: 544,
        date: BlockDate {
            epoch: 260000,
            slot_id: 22,
        },
        height: ChainLength(
            1,
        ),
        content_hash: [
            214,
            100,
            87,
            170,
            43,
            190,
            18,
            83,
            98,
            78,
            8,
            113,
            30,
            27,
            25,
            197,
            245,
            120,
            117,
            152,
            171,
            162,
            182,
            238,
            91,
            4,
            248,
            215,
            7,
            120,
            120,
            122,
        ],
        parent_hash: [
            125,
            241,
            64,
            202,
            102,
            186,
            214,
            35,
            106,
            207,
            151,
            112,
            155,
            87,
            195,
            221,
            154,
            61,
            155,
            142,
            195,
            188,
            120,
            243,
            118,
            93,
            90,
            238,
            219,
            84,
            140,
            218,
        ],
        pool-id: [
            211,
            184,
            133,
            238,
            52,
            125,
            40,
            234,
            115,
            208,
            164,
            143,
            123,
            158,
            21,
            197,
            100,
            63,
            251,
            56,
            175,
            77,
            151,
            1,
            149,
            10,
            170,
            5,
            112,
            203,
            9,
            249,
        ],
        vrf-proof: [
            138,
            22,
            236,
            239,
            47,
            87,
            248,
            66,
            118,
            118,
            246,
            229,
            231,
            35,
            64,
            178,
            79,
            87,
            229,
            49,
            220,
            21,
            94,
            228,
            155,
            213,
            12,
            143,
            149,
            215,
            145,
            78,
            91,
            42,
            91,
            81,
            159,
            64,
            138,
            46,
            28,
            188,
            73,
            1,
            153,
            91,
            187,
            177,
            41,
            85,
            63,
            181,
            124,
            220,
            118,
            210,
            60,
            40,
            106,
            123,
            235,
            170,
            17,
            10,
            9,
            216,
            190,
            77,
            197,
            121,
            112,
            119,
            239,
            170,
            16,
            226,
            212,
            140,
            171,
            94,
            148,
            47,
            202,
            239,
            232,
            223,
            144,
            221,
            105,
            59,
            214,
            210,
            193,
            201,
            73,
            12,
        ],
        kes-sig: [
            0,
            0,
            0,
            0,
            15,
            207,
            60,
            114,
            21,
            16,
            233,
            36,
            101,
            147,
            224,
            110,
            99,
            129,
            51,
            4,
            195,
            177,
            7,
            89,
            252,
            225,
            227,
            173,
            45,
            182,
            7,
            174,
            16,
            150,
            59,
            161,
            146,
            28,
            20,
            227,
            49,
            153,
            138,
            25,
            41,
            211,
            147,
            112,
            76,
            73,
            26,
            169,
            65,
            204,
            96,
            18,
            204,
            240,
            66,
            34,
            12,
            185,
            49,
            117,
            61,
            120,
            35,
            6,
            166,
            104,
            118,
            19,
            220,
            36,
            22,
            26,
            115,
            52,
            117,
            98,
            109,
            214,
            106,
            186,
            176,
            239,
            159,
            44,
            59,
            50,
            183,
            50,
            42,
            16,
            35,
            194,
            47,
            74,
            182,
            11,
            188,
            113,
            236,
            206,
            188,
            165,
            173,
            71,
            154,
            248,
            237,
            170,
            190,
            197,
            26,
            35,
            247,
            214,
            38,
            165,
            184,
            133,
            88,
            255,
            88,
            134,
            154,
            44,
            93,
            208,
            182,
            130,
            170,
            96,
            99,
            29,
            120,
            8,
            168,
            45,
            37,
            228,
            91,
            222,
            108,
            116,
            243,
            134,
            250,
            247,
            130,
            200,
            163,
            39,
            205,
            174,
            78,
            145,
            55,
            91,
            233,
            96,
            103,
            166,
            139,
            165,
            22,
            188,
            108,
            40,
            62,
            4,
            255,
            113,
            113,
            143,
            27,
            239,
            11,
            174,
            200,
            166,
            221,
            48,
            111,
            45,
            88,
            124,
            167,
            198,
            128,
            124,
            134,
            58,
            117,
            151,
            157,
            108,
            103,
            236,
            157,
            139,
            218,
            225,
            121,
            86,
            62,
            75,
            48,
            11,
            48,
            132,
            158,
            177,
            149,
            119,
            252,
            189,
            14,
            236,
            226,
            70,
            73,
            134,
            232,
            209,
            158,
            101,
            116,
            227,
            145,
            196,
            9,
            106,
            93,
            153,
            255,
            61,
            60,
            215,
            34,
            73,
            77,
            218,
            153,
            49,
            232,
            142,
            10,
            9,
            78,
            91,
            81,
            109,
            56,
            253,
            231,
            142,
            182,
            175,
            143,
            78,
            129,
            254,
            20,
            127,
            67,
            248,
            66,
            233,
            32,
            27,
            4,
            95,
            107,
            144,
            205,
            251,
            2,
            1,
            125,
            252,
            48,
            105,
            153,
            198,
            126,
            77,
            27,
            226,
            152,
            124,
            8,
            186,
            99,
            10,
            219,
            116,
            30,
            155,
            160,
            84,
            66,
            28,
            13,
            251,
            75,
            0,
            136,
            117,
            117,
            69,
            202,
            166,
            102,
            137,
            35,
            123,
            210,
            79,
            58,
            106,
            99,
            100,
            24,
            210,
            7,
            233,
            69,
            214,
            110,
            125,
            129,
            144,
            84,
            57,
            4,
            25,
            39,
            170,
            92,
            18,
            105,
            83,
            184,
            223,
            194,
            227,
            232,
            148,
            138,
            147,
            158,
            203,
            44,
            127,
            156,
            213,
            80,
            98,
            0,
            140,
            6,
            126,
            33,
            194,
            53,
            37,
            117,
            155,
            19,
            214,
            105,
            8,
            199,
            38,
            65,
            235,
            11,
            247,
            207,
            142,
            24,
            0,
            64,
            87,
            160,
            143,
            176,
            193,
            182,
            128,
            196,
            145,
            225,
            122,
            249,
            254,
            79,
            55,
            121,
            9,
            99,
            252,
            205,
            147,
            187,
            41,
            145,
            220,
            108,
            225,
            176,
            24,
            100,
            236,
            157,
            51,
            226,
            121,
            183,
            29,
            106,
            238,
            57,
            63,
            135,
            88,
            175,
            97,
            245,
            105,
            133,
            151,
            48,
            178,
            71,
            131,
            191,
            149,
            153,
            254,
            216,
            254,
            32,
            202,
            62,
            17,
            24,
            221,
            159,
            86,
            1,
            72,
            174,
            85,
            1,
            85,
            42,
            97,
            45,
            41,
            36,
            3,
            16,
            71,
            103,
            53,
            17,
            232,
            138,
            146,
            66,
            5,
            199,
            154,
            231,
            54,
            57,
            205,
            214,
            123,
            138,
            227,
        ],
        self_hash: Hash(
            Blake2b256(0x4f742a3ee7be3735d18b3c61f1e66ee4ca5f149b7956b56df30b667431a9a2c6),
        ),
    },
    contents: Contents(
        [
            PoolRegistration(
                Transaction {
                    payload: [
                        0,
                        0,
                        0,
                        0,
                        0,
                        0,
                        0,
                        0,
                        0,
                        0,
                        0,
                        0,
                        0,
                        0,
                        0,
                        0,
                        0,
                        0,
                        0,
                        0,
                        0,
                        0,
                        0,
                        0,
                        0,
                        0,
                        0,
                        0,
                        0,
                        0,
                        0,
                        2,
                        130,
                        143,
                        169,
                        139,
                        194,
                        9,
                        205,
                        105,
                        240,
                        48,
                        127,
                        111,
                        94,
                        42,
                        199,
                        53,
                        126,
                        12,
                        87,
                        244,
                        139,
                        38,
                        84,
                        51,
                        214,
                        12,
                        4,
                        10,
                        184,
                        11,
                        68,
                        126,
                        67,
                        83,
                        253,
                        127,
                        81,
                        95,
                        76,
                        22,
                        27,
                        208,
                        47,
                        233,
                        252,
                        30,
                        190,
                        128,
                        233,
                        129,
                        124,
                        190,
                        96,
                        45,
                        119,
                        25,
                        75,
                        35,
                        167,
                        75,
                        197,
                        53,
                        31,
                        56,
                        2,
                        196,
                        126,
                        158,
                        141,
                        137,
                        175,
                        207,
                        106,
                        111,
                        177,
                        96,
                        82,
                        194,
                        7,
                        102,
                        139,
                        52,
                        157,
                        179,
                        7,
                        81,
                        242,
                        87,
                        242,
                        155,
                        68,
                        50,
                        132,
                        4,
                        70,
                        172,
                        190,
                        148,
                        61,
                        164,
                        150,
                        233,
                        21,
                        10,
                        51,
                        254,
                        199,
                        225,
                        202,
                        65,
                        123,
                        25,
                        215,
                        70,
                        153,
                        242,
                        138,
                        246,
                        107,
                        210,
                        111,
                        226,
                        178,
                        210,
                        126,
                        74,
                        64,
                        255,
                        33,
                        0,
                        0,
                        0,
                        0,
                        0,
                        0,
                        0,
                        0,
                        0,
                        0,
                        0,
                        0,
                        0,
                        0,
                        0,
                        0,
                        0,
                        0,
                        0,
                        0,
                        0,
                        0,
                        0,
                        0,
                        1,
                        0,
                        0,
                        0,
                        0,
                        0,
                        0,
                        0,
                        0,
                        0,
                        2,
                        0,
                    ],
                    nb_inputs: 2,
                    nb_outputs: 0,
                    nb_witnesses: 2,
                    total_input_value: Ok(
                        Value(
                            11100,
                        ),
                    ),
                    total_output_value: Ok(
                        Value(
                            0,
                        ),
                    ),
                },
            ),
        ],
    ),
}
