---
blockchain_configuration:
  block0_date: 1567072873
  discrimination: test
  block0_consensus: bft
  consensus_leader_ids:
    - ed25519_pk1whjpwnw43q39fqyx79asxl8vkrhgv5tt05f5qz5qepttf0d00lssltq7fg
    - ed25519_pk1vvwp2s0n5jl5f4xcjurp2e92sj2awehkrydrlas4vgqr7xzt33jsadha32
  linear_fees:
    constant: 2
    coefficient: 1
    certificate: 4
  slots_per_epoch: 720
  slot_duration: 5
  kes_update_speed: 43200
  consensus_genesis_praos_active_slot_coeff: "0.100"
  bft_slots_ratio: "0.220"
  max_number_of_transactions_per_block: ~
  epoch_stability_depth: ~
  treasury: ~
  rewards: ~
initial:
  - fund:
      - address: ca1s4uxkxptz3zx7akmugkmt4ecjjd3nmzween2qfr5enhzkt37tdt4ugqz89h
        value: 100000000000
  - cert: signedcert1qvqqqqqqqqqqqqqqqqqqq0xsn2eqqqqqqqqqqqqqqqqqqqqqqqqqr8rx5vuusdz0jghuxgrvkhdws999jnqpwlwnydwz2nvugzdxtwqgj4re3s6yqj7js55w03pyrtguvwvfm2cezv8qy7xcfvrf5yg3fc4sz7rtrq43g3r0wmd7ytd46uuffxcea38vue4qy36vem3t9cl9k467qqqqqqqqqqqqqqqqqqqqqqqqqqqqqqqqqqqqqqqpqqqqqqqqqqqqqqqpqp74fv2vt93cvctyjp6fnsmhnxt732g3tvsxk0pdrym34ecwhwu2ua9hpjqggntpv7fyw3k4ynf0epc04v7aut0flpn6yddvfy343qgqyzh80g
  - cert: signedcert1q9uxkxptz3zx7akmugkmt4ecjjd3nmzween2qfr5enhzkt37tdt4uqfqtvxk6rwl8fwvnacke3u3tfpaagajv3agknhu5h9m6dyfcpcgc5q4qy45fktgfrt26atr4raujxqmztdnsfg0rkl6fgyecr8xg8820l9caa62j9yzq4skppm8y5ly8n8gkckems0xda8t69q2cvv4j2z2qu7764rq
  - legacy_fund:
      - address: DdzFFzCqrht5TM5GznWhJ3GTpKawtJuA295F8igwXQXyt2ih1TL1XKnZqRBQBoLpyYVKfNKgCXPBUYruUneC83KjGK6QNAoBSqRJovbG
        value: 100000000000