---
balance: 0
fee: 7
input: 100
inputs:
  - account: 786b182b14446f76dbe22db5d738949b19ec4ece66a02474ccee2b2e3e5b575e
    kind: account
    value: 100
num_inputs: 1
num_outputs: 2
num_witnesses: 1
output: 93
outputs:
  - address: ta1skn8q3f6rxg92gqren9gf3heja8kj4shp89jl27n69v5azwvns95vlgw0pz
    value: 50
  - address: ta1s4uxkxptz3zx7akmugkmt4ecjjd3nmzween2qfr5enhzkt37tdt4ulu8sap
    value: 43
sign_data_hash: aa27a2258f0df9b25b5ad3969e826bf0877f3d7d912e9ff7b8dcdb3ee6cb3819
status: finalizing

